d:\c++ projects\pump it up\pumpitupengine\pumpitupengine\x64\debug\vc142.pdb
d:\c++ projects\pump it up\pumpitupengine\pumpitupengine\x64\debug\vc142.idb
d:\c++ projects\pump it up\pumpitupengine\pumpitupengine\x64\debug\ssclevelparser.obj
d:\c++ projects\pump it up\pumpitupengine\pumpitupengine\x64\debug\sscfilelevels.obj
d:\c++ projects\pump it up\pumpitupengine\pumpitupengine\x64\debug\sscfile.obj
d:\c++ projects\pump it up\pumpitupengine\pumpitupengine\x64\debug\source.obj
d:\c++ projects\pump it up\pumpitupengine\pumpitupengine\x64\debug\scenemanager.obj
d:\c++ projects\pump it up\pumpitupengine\pumpitupengine\x64\debug\scene.obj
d:\c++ projects\pump it up\pumpitupengine\pumpitupengine\x64\debug\renderengine.obj
d:\c++ projects\pump it up\pumpitupengine\pumpitupengine\x64\debug\objectlist.obj
d:\c++ projects\pump it up\pumpitupengine\pumpitupengine\x64\debug\object.obj
d:\c++ projects\pump it up\pumpitupengine\pumpitupengine\x64\debug\notelinedata.obj
d:\c++ projects\pump it up\pumpitupengine\pumpitupengine\x64\debug\notedata.obj
d:\c++ projects\pump it up\pumpitupengine\pumpitupengine\x64\debug\mainsscparser.obj
d:\c++ projects\pump it up\pumpitupengine\pumpitupengine\x64\debug\gamelevelscene.obj
d:\c++ projects\pump it up\pumpitupengine\pumpitupengine\x64\debug\gamelevel.obj
d:\c++ projects\pump it up\pumpitupengine\pumpitupengine\x64\debug\fileparserbase.obj
d:\c++ projects\pump it up\pumpitupengine\pumpitupengine\x64\debug\fileloader.obj
d:\c++ projects\pump it up\pumpitupengine\x64\debug\pumpitupengine.exe
d:\c++ projects\pump it up\pumpitupengine\pumpitupengine\x64\debug\pumpitupengine.ilk
d:\c++ projects\pump it up\pumpitupengine\x64\debug\pumpitupengine.pdb
c:\users\gabriel\documents\piu\pumpitupcpp\pumpitupengine\pumpitupengine\x64\debug\fileloader.obj
c:\users\gabriel\documents\piu\pumpitupcpp\pumpitupengine\pumpitupengine\x64\debug\fileparserbase.obj
c:\users\gabriel\documents\piu\pumpitupcpp\pumpitupengine\pumpitupengine\x64\debug\gamelevel.obj
c:\users\gabriel\documents\piu\pumpitupcpp\pumpitupengine\pumpitupengine\x64\debug\gamelevelscene.obj
c:\users\gabriel\documents\piu\pumpitupcpp\pumpitupengine\pumpitupengine\x64\debug\mainsscparser.obj
c:\users\gabriel\documents\piu\pumpitupcpp\pumpitupengine\pumpitupengine\x64\debug\notedata.obj
c:\users\gabriel\documents\piu\pumpitupcpp\pumpitupengine\pumpitupengine\x64\debug\notelinedata.obj
c:\users\gabriel\documents\piu\pumpitupcpp\pumpitupengine\pumpitupengine\x64\debug\object.obj
c:\users\gabriel\documents\piu\pumpitupcpp\pumpitupengine\pumpitupengine\x64\debug\objectlist.obj
c:\users\gabriel\documents\piu\pumpitupcpp\pumpitupengine\pumpitupengine\x64\debug\renderengine.obj
c:\users\gabriel\documents\piu\pumpitupcpp\pumpitupengine\pumpitupengine\x64\debug\scene.obj
c:\users\gabriel\documents\piu\pumpitupcpp\pumpitupengine\pumpitupengine\x64\debug\scenemanager.obj
c:\users\gabriel\documents\piu\pumpitupcpp\pumpitupengine\pumpitupengine\x64\debug\source.obj
c:\users\gabriel\documents\piu\pumpitupcpp\pumpitupengine\pumpitupengine\x64\debug\sscfile.obj
c:\users\gabriel\documents\piu\pumpitupcpp\pumpitupengine\pumpitupengine\x64\debug\sscfilelevels.obj
c:\users\gabriel\documents\piu\pumpitupcpp\pumpitupengine\pumpitupengine\x64\debug\ssclevelparser.obj
c:\users\gabriel\documents\piu\pumpitupcpp\pumpitupengine\pumpitupengine\x64\debug\pumpitupengine.ilk
c:\users\gabriel\documents\piu\pumpitupcpp\pumpitupengine\pumpitupengine\x64\debug\vc142.idb
c:\users\gabriel\documents\piu\pumpitupcpp\pumpitupengine\pumpitupengine\x64\debug\vc142.pdb
c:\users\gabriel\documents\piu\pumpitupcpp\pumpitupengine\x64\debug\pumpitupengine.pdb
c:\users\gabriel\documents\piu\pumpitupcpp\pumpitupengine\x64\debug\pumpitupengine.exe
c:\users\gabriel\documents\piu\pumpitupcpp\pumpitupengine\pumpitupengine\x64\debug\pumpitupengine.tlog\cl.command.1.tlog
c:\users\gabriel\documents\piu\pumpitupcpp\pumpitupengine\pumpitupengine\x64\debug\pumpitupengine.tlog\cl.read.1.tlog
c:\users\gabriel\documents\piu\pumpitupcpp\pumpitupengine\pumpitupengine\x64\debug\pumpitupengine.tlog\cl.write.1.tlog
c:\users\gabriel\documents\piu\pumpitupcpp\pumpitupengine\pumpitupengine\x64\debug\pumpitupengine.tlog\link.command.1.tlog
c:\users\gabriel\documents\piu\pumpitupcpp\pumpitupengine\pumpitupengine\x64\debug\pumpitupengine.tlog\link.read.1.tlog
c:\users\gabriel\documents\piu\pumpitupcpp\pumpitupengine\pumpitupengine\x64\debug\pumpitupengine.tlog\link.write.1.tlog
